Flutter crash report.
Please report a bug at https://github.com/flutter/flutter/issues.

## command

flutter --quiet assemble --no-version-check --depfile D:\Flutter_project\flutter_application_1\build\app\intermediates\flutter\debug/flutter_build.d --output D:\Flutter_project\flutter_application_1\build\app\intermediates\flutter\debug -dTargetFile=D:\Flutter_project\flutter_application_1\lib\main.dart -dTargetPlatform=android -dBuildMode=debug -dTrackWidgetCreation=true --DartDefines=RkxVVFRFUl9WRVJTSU9OPTMuMzIuNQ==,RkxVVFRFUl9DSEFOTkVMPXN0YWJsZQ==,RkxVVFRFUl9HSVRfVVJMPWh0dHBzOi8vZ2l0aHViLmNvbS9mbHV0dGVyL2ZsdXR0ZXIuZ2l0,RkxVVFRFUl9GUkFNRVdPUktfUkVWSVNJT049ZmNmMmMxMTU3Mg==,RkxVVFRFUl9FTkdJTkVfUkVWSVNJT049ZGQ5M2RlNmZiMQ==,RkxVVFRFUl9EQVJUX1ZFUlNJT049My44LjE= -dFlavor= -dAndroidArchs=android-x64 -dMinSdkVersion=21 debug_android_application

## exception

PathAccessException: PathAccessException: Cannot delete file, path = 'D:\Flutter_project\flutter_application_1\build\app\intermediates\flutter\debug\flutter_assets\assets\images\chatApp.jpg' (OS Error: Access is denied.
, errno = 5)

```
#0      _File.throwIfError (dart:io/file_impl.dart:782:7)
#1      _File._deleteSync (dart:io/file_impl.dart:367:5)
#2      FileSystemEntity.deleteSync (dart:io/file_system_entity.dart:425:7)
#3      ForwardingFileSystemEntity.deleteSync (package:file/src/forwarding/forwarding_file_system_entity.dart:70:16)
#4      ForwardingFileSystemEntity.deleteSync (package:file/src/forwarding/forwarding_file_system_entity.dart:70:16)
#5      ErrorHandlingFileSystem.deleteIfExists (package:flutter_tools/src/base/error_handling_io.dart:90:14)
#6      FlutterBuildSystem.trackSharedBuildDirectory (package:flutter_tools/src/build_system/build_system.dart:777:33)
#7      FlutterBuildSystem.build (package:flutter_tools/src/build_system/build_system.dart:658:5)
<asynchronous suspension>
#8      AssembleCommand.runCommand (package:flutter_tools/src/commands/assemble.dart:346:32)
<asynchronous suspension>
#9      FlutterCommand.run.<anonymous closure> (package:flutter_tools/src/runner/flutter_command.dart:1563:27)
<asynchronous suspension>
#10     AppContext.run.<anonymous closure> (package:flutter_tools/src/base/context.dart:154:19)
<asynchronous suspension>
#11     CommandRunner.runCommand (package:args/command_runner.dart:212:13)
<asynchronous suspension>
#12     FlutterCommandRunner.runCommand.<anonymous closure> (package:flutter_tools/src/runner/flutter_command_runner.dart:494:9)
<asynchronous suspension>
#13     AppContext.run.<anonymous closure> (package:flutter_tools/src/base/context.dart:154:19)
<asynchronous suspension>
#14     FlutterCommandRunner.runCommand (package:flutter_tools/src/runner/flutter_command_runner.dart:431:5)
<asynchronous suspension>
#15     run.<anonymous closure>.<anonymous closure> (package:flutter_tools/runner.dart:98:11)
<asynchronous suspension>
#16     AppContext.run.<anonymous closure> (package:flutter_tools/src/base/context.dart:154:19)
<asynchronous suspension>
#17     main (package:flutter_tools/executable.dart:102:3)
<asynchronous suspension>
```

## flutter doctor

```
[✓] Flutter (Channel stable, 3.32.5, on Microsoft Windows [Version 10.0.26100.4946], locale en-US) [423ms]
    • Flutter version 3.32.5 on channel stable at C:\src\flutter
    • Upstream repository https://github.com/flutter/flutter.git
    • Framework revision fcf2c11572 (3 months ago), 2025-06-24 11:44:07 -0700
    • Engine revision dd93de6fb1
    • Dart version 3.8.1
    • DevTools version 2.45.1

[✓] Windows Version (Windows 11 or higher, 24H2, 2009) [1,951ms]

[☠] Android toolchain - develop for Android devices (the doctor check crashed)
    ✗ Due to an error, the doctor check did not complete. If the error message below is not helpful, please let us know about this issue at https://github.com/flutter/flutter/issues.
    ✗ Exception: Android toolchain - develop for Android devices exceeded maximum allowed duration of 0:04:30.000000
    • 

[✓] Chrome - develop for the web [183ms]
    • Chrome at C:\Program Files\Google\Chrome\Application\chrome.exe

[✓] Visual Studio - develop Windows apps (Visual Studio Community 2022 17.14.7 Preview 1.0) [182ms]
    • Visual Studio at C:\Program Files\Microsoft Visual Studio\2022\Preview
    • Visual Studio Community 2022 version 17.14.36221.1
    • The current Visual Studio installation is a pre-release version. It may not be supported by Flutter yet.
    • Windows 10 SDK version 10.0.26100.0

[✓] Android Studio (version 2025.1.1) [8ms]
    • Android Studio at C:\Program Files\Android\Android Studio
    • Flutter plugin can be installed from:
      🔨 https://plugins.jetbrains.com/plugin/9212-flutter
    • Dart plugin can be installed from:
      🔨 https://plugins.jetbrains.com/plugin/6351-dart
    • Java version OpenJDK Runtime Environment (build 21.0.6+-13391695-b895.109)

[✓] VS Code (version 1.103.2) [7ms]
    • VS Code at C:\Users\Farshid\AppData\Local\Programs\Microsoft VS Code
    • Flutter extension version 3.118.0

[✓] Connected device (3 available) [122ms]
    • Windows (desktop) • windows • windows-x64    • Microsoft Windows [Version 10.0.26100.4946]
    • Chrome (web)      • chrome  • web-javascript • Google Chrome 139.0.7258.155
    • Edge (web)        • edge    • web-javascript • Microsoft Edge 139.0.3405.125
    ! Device emulator-5554 is offline.

[!] Network resources [73.0s]
    ✗ A network error occurred while checking "https://pub.dev/": Failed host lookup: 'pub.dev'

! Doctor found issues in 2 categories.
```
